2018-04-04 14:17:35,874 : INFO : host: 127.0.0.1
2018-04-04 14:17:38,496 : INFO : user: admin
2018-04-04 14:17:41,285 : INFO : password: 123456
2018-04-04 14:17:41,348 : ERROR : Login Failed
